2026-09-27T12:23:09.4076890Z Current runner version: '2.337.0'
2026-09-27T12:23:09.4098900Z ##[group]Runner Image Provisioner
2026-09-27T12:23:09.4099480Z Hosted Compute Agent
2026-09-27T12:23:09.4100150Z Version: 20260828.587
2026-09-27T12:23:09.4100680Z Commit: abac92662cab4cc7352de4f9f9d2e2419aad9c29
2026-09-27T12:23:09.4101320Z Build Date: 2026-08-28T16:44:25Z
2026-09-27T12:23:09.4101760Z Worker ID: {8ec7c3e2-5920-4fbc-8118-babceb099e35}
2026-09-27T12:23:09.4102460Z Azure Region: westus
2026-09-27T12:23:09.4102830Z ##[endgroup]
2026-09-27T12:23:09.4106110Z ##[group]Operating System
2026-09-27T12:23:09.4106580Z macOS
2026-09-27T12:23:09.4106950Z 14.8.9
2026-09-27T12:23:09.4107310Z 23J631
2026-09-27T12:23:09.4107630Z ##[endgroup]
2026-09-27T12:23:09.4108080Z ##[group]Runner Image
2026-09-27T12:23:09.4108490Z Image: macos-14-arm64
2026-09-27T12:23:09.4108940Z Version: 20260831.0302.1
2026-09-27T12:23:09.4110330Z Included Software: https://github.com/actions/runner-images/blob/macos-14-arm64/20260831.0302/images/macos/macos-14-arm64-Readme.md
2026-09-27T12:23:09.4113170Z Image Release: https://github.com/actions/runner-images/releases/tag/macos-14-arm64%2F20260831.0302
2026-09-27T12:23:09.4113880Z ##[endgroup]
2026-09-27T12:23:09.4114800Z ##[group]GITHUB_TOKEN Permissions
2026-09-27T12:23:09.4116300Z Contents: read
2026-09-27T12:23:09.4116750Z Metadata: read
2026-09-27T12:23:09.4117140Z ##[endgroup]
2026-09-27T12:23:09.4118750Z Secret source: Actions
2026-09-27T12:23:09.4119410Z Cache mode: write
2026-09-27T12:23:09.4119880Z Prepare workflow directory
2026-09-27T12:23:09.4386520Z Prepare all required actions
2026-09-27T12:23:09.4425580Z Getting action download info
2026-09-27T12:23:09.6170490Z Download action repository 'actions/checkout@v4' (SHA:11d5960a326750d5838078e36cf38b85af677262)
2026-09-27T12:23:10.0455570Z Complete job name: probe (macos-14)
2026-09-27T12:23:10.1015700Z ##[group]Run actions/checkout@v4
2026-09-27T12:23:10.1016440Z with:
2026-09-27T12:23:10.1016800Z   fetch-depth: 1
2026-09-27T12:23:10.1017240Z   repository: matthiasgoergens/cpython
2026-09-27T12:23:10.1021120Z   token: ***
2026-09-27T12:23:10.1022700Z   ssh-strict: true
2026-09-27T12:23:10.1023690Z   ssh-user: git
2026-09-27T12:23:10.1024290Z   persist-credentials: true
2026-09-27T12:23:10.1025780Z   clean: true
2026-09-27T12:23:10.1027420Z   sparse-checkout-cone-mode: true
2026-09-27T12:23:10.1028190Z   fetch-tags: false
2026-09-27T12:23:10.1030510Z   show-progress: true
2026-09-27T12:23:10.1030950Z   lfs: false
2026-09-27T12:23:10.1031550Z   submodules: false
2026-09-27T12:23:10.1032240Z   set-safe-directory: true
2026-09-27T12:23:10.1033540Z   allow-unsafe-pr-checkout: false
2026-09-27T12:23:10.1036880Z ##[endgroup]
2026-09-27T12:23:10.4601070Z Syncing repository: matthiasgoergens/cpython
2026-09-27T12:23:10.4602600Z ##[group]Getting Git version info
2026-09-27T12:23:10.4603280Z Working directory is '/Users/runner/work/cpython/cpython'
2026-09-27T12:23:10.4604120Z [command]/opt/homebrew/bin/git version
2026-09-27T12:23:10.4682510Z git version 2.55.0
2026-09-27T12:23:10.4695880Z ##[endgroup]
2026-09-27T12:23:10.4702520Z Copying '/Users/runner/.gitconfig' to '/Users/runner/work/_temp/15a79b90-5ef0-4aca-a29a-b97648fed80d/.gitconfig'
2026-09-27T12:23:10.4710130Z Temporarily overriding HOME='/Users/runner/work/_temp/15a79b90-5ef0-4aca-a29a-b97648fed80d' before making global git config changes
2026-09-27T12:23:10.4711300Z Adding repository directory to the temporary git global config as a safe directory
2026-09-27T12:23:10.4713920Z [command]/opt/homebrew/bin/git config --global --add safe.directory /Users/runner/work/cpython/cpython
2026-09-27T12:23:10.4817020Z Deleting the contents of '/Users/runner/work/cpython/cpython'
2026-09-27T12:23:10.4823030Z ##[group]Initializing the repository
2026-09-27T12:23:10.4826330Z [command]/opt/homebrew/bin/git init /Users/runner/work/cpython/cpython
2026-09-27T12:23:10.5036810Z hint: Using 'master' as the name for the initial branch. This default branch name
2026-09-27T12:23:10.5038200Z hint: will change to "main" in Git 3.0. To configure the initial branch name
2026-09-27T12:23:10.5040250Z hint: to use in all of your new repositories, which will suppress this warning,
2026-09-27T12:23:10.5040950Z hint: call:
2026-09-27T12:23:10.5041460Z hint:
2026-09-27T12:23:10.5042430Z hint: 	git config --global init.defaultBranch <name>
2026-09-27T12:23:10.5042990Z hint:
2026-09-27T12:23:10.5043550Z hint: Names commonly chosen instead of 'master' are 'main', 'trunk' and
2026-09-27T12:23:10.5044300Z hint: 'development'. The just-created branch can be renamed via this command:
2026-09-27T12:23:10.5044870Z hint:
2026-09-27T12:23:10.5045220Z hint: 	git branch -m <name>
2026-09-27T12:23:10.5045670Z hint:
2026-09-27T12:23:10.5046180Z hint: Disable this message with "git config set advice.defaultBranchName false"
2026-09-27T12:23:10.5046900Z Initialized empty Git repository in /Users/runner/work/cpython/cpython/.git/
2026-09-27T12:23:10.5048420Z [command]/opt/homebrew/bin/git remote add origin https://github.com/matthiasgoergens/cpython
2026-09-27T12:23:10.5109840Z ##[endgroup]
2026-09-27T12:23:10.5110530Z ##[group]Disabling automatic garbage collection
2026-09-27T12:23:10.5112220Z [command]/opt/homebrew/bin/git config --local gc.auto 0
2026-09-27T12:23:10.5166980Z ##[endgroup]
2026-09-27T12:23:10.5167700Z ##[group]Setting up auth
2026-09-27T12:23:10.5173330Z [command]/opt/homebrew/bin/git config --local --name-only --get-regexp core\.sshCommand
2026-09-27T12:23:10.5226530Z [command]/opt/homebrew/bin/git submodule foreach --recursive sh -c "git config --local --name-only --get-regexp 'core\.sshCommand' && git config --local --unset-all 'core.sshCommand' || :"
2026-09-27T12:23:10.6043490Z [command]/opt/homebrew/bin/git config --local --name-only --get-regexp http\.https\:\/\/github\.com\/\.extraheader
2026-09-27T12:23:10.6092170Z [command]/opt/homebrew/bin/git submodule foreach --recursive sh -c "git config --local --name-only --get-regexp 'http\.https\:\/\/github\.com\/\.extraheader' && git config --local --unset-all 'http.https://github.com/.extraheader' || :"
2026-09-27T12:23:10.6655230Z [command]/opt/homebrew/bin/git config --local --name-only --get-regexp ^includeIf\.gitdir:
2026-09-27T12:23:10.6704290Z [command]/opt/homebrew/bin/git submodule foreach --recursive git config --local --show-origin --name-only --get-regexp remote.origin.url
2026-09-27T12:23:10.7526030Z [command]/opt/homebrew/bin/git config --local http.https://github.com/.extraheader AUTHORIZATION: basic ***
2026-09-27T12:23:10.7543190Z ##[endgroup]
2026-09-27T12:23:10.7544280Z ##[group]Fetching the repository
2026-09-27T12:23:10.7546350Z [command]/opt/homebrew/bin/git -c protocol.version=2 fetch --no-tags --prune --no-recurse-submodules --depth=1 origin +6037b0b3b7fc5da37c3aa69e7a22950531f980bb:refs/remotes/origin/perf-ci/macos-patch-probe
2026-09-27T12:23:16.4883620Z From https://github.com/matthiasgoergens/cpython
2026-09-27T12:23:16.4885320Z  * [new ref]         6037b0b3b7fc5da37c3aa69e7a22950531f980bb -> origin/perf-ci/macos-patch-probe
2026-09-27T12:23:16.4891220Z ##[endgroup]
2026-09-27T12:23:16.4891920Z ##[group]Determining the checkout info
2026-09-27T12:23:16.4896290Z ##[endgroup]
2026-09-27T12:23:16.4903260Z [command]/opt/homebrew/bin/git sparse-checkout disable
2026-09-27T12:23:16.5116760Z [command]/opt/homebrew/bin/git config --local --unset-all extensions.worktreeConfig
2026-09-27T12:23:16.5154050Z ##[group]Checking out the ref
2026-09-27T12:23:16.5155840Z [command]/opt/homebrew/bin/git checkout --progress --force -B perf-ci/macos-patch-probe refs/remotes/origin/perf-ci/macos-patch-probe
2026-09-27T12:23:17.5676170Z Updating files:  78% (5014/6392)
2026-09-27T12:23:17.5845910Z Updating files:  79% (5050/6392)
2026-09-27T12:23:17.5958660Z Updating files:  80% (5114/6392)
2026-09-27T12:23:17.6043710Z Updating files:  81% (5178/6392)
2026-09-27T12:23:17.6195490Z Updating files:  82% (5242/6392)
2026-09-27T12:23:17.6361920Z Updating files:  83% (5306/6392)
2026-09-27T12:23:17.6475340Z Updating files:  84% (5370/6392)
2026-09-27T12:23:17.6743240Z Updating files:  85% (5434/6392)
2026-09-27T12:23:17.6894700Z Updating files:  86% (5498/6392)
2026-09-27T12:23:17.7085330Z Updating files:  87% (5562/6392)
2026-09-27T12:23:17.7244920Z Updating files:  88% (5625/6392)
2026-09-27T12:23:17.7375530Z Updating files:  89% (5689/6392)
2026-09-27T12:23:17.7468390Z Updating files:  90% (5753/6392)
2026-09-27T12:23:17.7603900Z Updating files:  91% (5817/6392)
2026-09-27T12:23:17.7736960Z Updating files:  92% (5881/6392)
2026-09-27T12:23:17.7937100Z Updating files:  93% (5945/6392)
2026-09-27T12:23:17.8144360Z Updating files:  94% (6009/6392)
2026-09-27T12:23:17.8223450Z Updating files:  95% (6073/6392)
2026-09-27T12:23:17.8385810Z Updating files:  96% (6137/6392)
2026-09-27T12:23:17.8486630Z Updating files:  97% (6201/6392)
2026-09-27T12:23:17.8688590Z Updating files:  98% (6265/6392)
2026-09-27T12:23:17.8784530Z Updating files:  99% (6329/6392)
2026-09-27T12:23:17.8813380Z Updating files: 100% (6392/6392)
2026-09-27T12:23:17.8813940Z Updating files: 100% (6392/6392), done.
2026-09-27T12:23:17.8895990Z Switched to a new branch 'perf-ci/macos-patch-probe'
2026-09-27T12:23:17.8910880Z branch 'perf-ci/macos-patch-probe' set up to track 'origin/perf-ci/macos-patch-probe'.
2026-09-27T12:23:17.8922670Z ##[endgroup]
2026-09-27T12:23:17.9081900Z [command]/opt/homebrew/bin/git log -1 --format=%H
2026-09-27T12:23:17.9186880Z 6037b0b3b7fc5da37c3aa69e7a22950531f980bb
2026-09-27T12:23:17.9558260Z ##[group]Run set -u
2026-09-27T12:23:17.9558680Z [36;1mset -u[0m
2026-09-27T12:23:17.9558860Z [36;1march=$(uname -m)[0m
2026-09-27T12:23:17.9559190Z [36;1mecho "runner=macos-14 arch=$arch macos=$(sw_vers -productVersion)"[0m
2026-09-27T12:23:17.9559590Z [36;1mls -d /Applications/Xcode*.app[0m
2026-09-27T12:23:17.9559850Z [36;1mcount() {  # $1 = object file[0m
2026-09-27T12:23:17.9560200Z [36;1m  xcrun objdump -d --no-show-raw-insn "$1" 2>/dev/null | awk '[0m
2026-09-27T12:23:17.9560750Z [36;1m    /^[0-9a-f]+ <.*>:$/ { p = ($0 ~ /<_+PyEval_EvalFrameDefault(\.[a-z0-9.]+)?>:/) ; next }[0m
2026-09-27T12:23:17.9561810Z [36;1m    p' | grep -cE $'\t(br|jmpq?)\t[^0-9#]*(x[0-9]+|\\*)' || true[0m
2026-09-27T12:23:17.9562190Z [36;1m}[0m
2026-09-27T12:23:17.9562390Z [36;1mfor x in /Applications/Xcode*.app; do[0m
2026-09-27T12:23:17.9562660Z [36;1m  [ -L "$x" ] && continue[0m
2026-09-27T12:23:17.9562930Z [36;1m  export DEVELOPER_DIR="$x/Contents/Developer"[0m
2026-09-27T12:23:17.9563310Z [36;1m  sudo xcodebuild -license accept > /dev/null 2>&1 || true[0m
2026-09-27T12:23:17.9563780Z [36;1m  sudo DEVELOPER_DIR="$DEVELOPER_DIR" xcodebuild -runFirstLaunch > /dev/null 2>&1 || true[0m
2026-09-27T12:23:17.9564360Z [36;1m  cc_ver=$(xcrun clang --version 2>/dev/null | head -1) || continue[0m
2026-09-27T12:23:17.9564720Z [36;1m  b="$RUNNER_TEMP/b-$(basename "$x" .app)"[0m
2026-09-27T12:23:17.9564980Z [36;1m  mkdir -p "$b" && cd "$b"[0m
2026-09-27T12:23:17.9565410Z [36;1m  if ! "$GITHUB_WORKSPACE/configure" CC=clang > configure.log 2>&1; then[0m
2026-09-27T12:23:17.9565850Z [36;1m    echo "RESULT xcode=$(basename "$x") clang='$cc_ver' configure-failed"[0m
2026-09-27T12:23:17.9566420Z [36;1m    [ -n "${cfgshown:-}" ] || { grep -B2 -A12 'checking whether the C compiler works' config.log | head -40; cfgshown=1; }[0m
2026-09-27T12:23:17.9566870Z [36;1m    cd - > /dev/null; continue[0m
2026-09-27T12:23:17.9567090Z [36;1m  fi[0m
2026-09-27T12:23:17.9567390Z [36;1m  cmd=$(make -n Python/ceval.o 2>/dev/null | grep -E ' -c .*ceval\.c' | tail -1)[0m
2026-09-27T12:23:17.9567850Z [36;1m  eval "$cmd" > build.log 2>&1 && n0=$(count Python/ceval.o) || n0=build-failed[0m
2026-09-27T12:23:17.9568400Z [36;1m  t0=$(xcrun objdump -d --no-show-raw-insn Python/ceval.o | grep -cE $'\t(br|jmpq?)\t[^0-9#]*(x[0-9]+|\\*)' || true)[0m
2026-09-27T12:23:17.9569070Z [36;1m  [ -n "${shown:-}" ] || { xcrun objdump -d --no-show-raw-insn Python/ceval.o | grep -m3 -i 'EvalFrameDefault' ; shown=1; }[0m
2026-09-27T12:23:17.9569740Z [36;1m  eval "$cmd -mllvm -tail-dup-pred-size=1000" >> build.log 2>&1 && n1=$(count Python/ceval.o) || n1=build-failed[0m
2026-09-27T12:23:17.9570870Z [36;1m  t1=$(xcrun objdump -d --no-show-raw-insn Python/ceval.o | grep -cE $'\t(br|jmpq?)\t[^0-9#]*(x[0-9]+|\\*)' || true)[0m
2026-09-27T12:23:17.9571420Z [36;1m  opt=$(echo "$cmd" | grep -oE ' -O[0-3s]' | tail -1)[0m
2026-09-27T12:23:17.9571990Z [36;1m  decided=$(grep 'tail duplication of the dispatch' configure.log | sed 's/.*\.\.\. //')[0m
2026-09-27T12:23:17.9572490Z [36;1m  ceval_flags=$(grep '^CFLAGS_CEVAL' Makefile | sed 's/^CFLAGS_CEVAL= *//')[0m
2026-09-27T12:23:17.9573440Z [36;1m  echo "RESULT runner=macos-14 arch=$arch xcode=$(basename "$x") clang='$cc_ver' opt=$opt configure_decision=${decided:-n/a} CFLAGS_CEVAL='$ceval_flags' dispatch_as_built=$n0 dispatch_taildup_fix=$n1 whole_object_default=$t0 whole_object_fix=$t1"[0m
2026-09-27T12:23:17.9574250Z [36;1m  cd - > /dev/null[0m
2026-09-27T12:23:17.9574450Z [36;1mdone[0m
2026-09-27T12:23:17.9686590Z shell: /bin/bash -e {0}
2026-09-27T12:23:17.9689020Z ##[endgroup]
2026-09-27T12:23:18.0660110Z runner=macos-14 arch=arm64 macos=14.8.9
2026-09-27T12:23:18.0764260Z /Applications/Xcode.app
2026-09-27T12:23:18.0765050Z /Applications/Xcode_15.0.1.app
2026-09-27T12:23:18.0765790Z /Applications/Xcode_15.0.app
2026-09-27T12:23:18.0766290Z /Applications/Xcode_15.1.0.app
2026-09-27T12:23:18.0768680Z /Applications/Xcode_15.1.app
2026-09-27T12:23:18.0776320Z /Applications/Xcode_15.2.0.app
2026-09-27T12:23:18.0777970Z /Applications/Xcode_15.2.app
2026-09-27T12:23:18.0778790Z /Applications/Xcode_15.3.0.app
2026-09-27T12:23:18.0779610Z /Applications/Xcode_15.3.app
2026-09-27T12:23:18.0781170Z /Applications/Xcode_15.4.0.app
2026-09-27T12:23:18.0781660Z /Applications/Xcode_15.4.app
2026-09-27T12:23:18.0781990Z /Applications/Xcode_16.1.0.app
2026-09-27T12:23:18.0782310Z /Applications/Xcode_16.1.app
2026-09-27T12:23:18.0782730Z /Applications/Xcode_16.2.0.app
2026-09-27T12:23:18.0782990Z /Applications/Xcode_16.2.app
2026-09-27T12:24:17.5108200Z error: write on a pipe with no reader
2026-09-27T12:24:17.5108820Z 00000000000024bc <__PyEval_EvalFrameDefault>:
2026-09-27T12:24:17.5110380Z     24dc:      	adrp	x8, 0x2000 <__PyEval_EvalFrameDefault+0x20>
2026-09-27T12:24:17.5118510Z     24ec:      	cbz	x0, 0x278c <__PyEval_EvalFrameDefault+0x2d0>
2026-09-27T12:24:17.5429190Z /Applications/Xcode_15.0.1.app/Contents/Developer/Toolchains/XcodeDefault.xctoolchain/usr/bin/objdump: error: 'Python/ceval.o': No such file or directory
2026-09-27T12:24:17.5542420Z RESULT runner=macos-14 arch=arm64 xcode=Xcode_15.0.1.app clang='Apple clang version 15.0.0 (clang-1500.0.40.1)' opt= -O3 configure_decision=no CFLAGS_CEVAL='' dispatch_as_built=275 dispatch_taildup_fix=build-failed whole_object_default=281 whole_object_fix=0
2026-09-27T12:25:08.0827900Z /Applications/Xcode_15.1.app/Contents/Developer/Toolchains/XcodeDefault.xctoolchain/usr/bin/objdump: error: 'Python/ceval.o': No such file or directory
2026-09-27T12:25:08.1034300Z RESULT runner=macos-14 arch=arm64 xcode=Xcode_15.1.app clang='Apple clang version 15.0.0 (clang-1500.1.0.2.5)' opt= -O3 configure_decision=no CFLAGS_CEVAL='' dispatch_as_built=275 dispatch_taildup_fix=build-failed whole_object_default=281 whole_object_fix=0
2026-09-27T12:26:00.4570370Z /Applications/Xcode_15.2.app/Contents/Developer/Toolchains/XcodeDefault.xctoolchain/usr/bin/objdump: error: 'Python/ceval.o': No such file or directory
2026-09-27T12:26:00.4714700Z RESULT runner=macos-14 arch=arm64 xcode=Xcode_15.2.app clang='Apple clang version 15.0.0 (clang-1500.1.0.2.5)' opt= -O3 configure_decision=no CFLAGS_CEVAL='' dispatch_as_built=275 dispatch_taildup_fix=build-failed whole_object_default=281 whole_object_fix=0
2026-09-27T12:26:52.3991470Z /Applications/Xcode_15.3.app/Contents/Developer/Toolchains/XcodeDefault.xctoolchain/usr/bin/objdump: error: 'Python/ceval.o': No such file or directory
2026-09-27T12:26:52.4114510Z RESULT runner=macos-14 arch=arm64 xcode=Xcode_15.3.app clang='Apple clang version 15.0.0 (clang-1500.3.9.4)' opt= -O3 configure_decision=no CFLAGS_CEVAL='' dispatch_as_built=275 dispatch_taildup_fix=build-failed whole_object_default=281 whole_object_fix=0
2026-09-27T12:27:46.8327120Z /Applications/Xcode_15.4.app/Contents/Developer/Toolchains/XcodeDefault.xctoolchain/usr/bin/objdump: error: 'Python/ceval.o': No such file or directory
2026-09-27T12:27:46.8488270Z RESULT runner=macos-14 arch=arm64 xcode=Xcode_15.4.app clang='Apple clang version 15.0.0 (clang-1500.3.9.4)' opt= -O3 configure_decision=no CFLAGS_CEVAL='' dispatch_as_built=275 dispatch_taildup_fix=build-failed whole_object_default=281 whole_object_fix=0
2026-09-27T12:28:41.2671700Z /Applications/Xcode_16.1.app/Contents/Developer/Toolchains/XcodeDefault.xctoolchain/usr/bin/objdump: error: 'Python/ceval.o': No such file or directory
2026-09-27T12:28:41.2901300Z RESULT runner=macos-14 arch=arm64 xcode=Xcode_16.1.app clang='Apple clang version 16.0.0 (clang-1600.0.26.4)' opt= -O3 configure_decision=no CFLAGS_CEVAL='' dispatch_as_built=290 dispatch_taildup_fix=build-failed whole_object_default=296 whole_object_fix=0
2026-09-27T12:29:38.4739130Z /Applications/Xcode_16.2.app/Contents/Developer/Toolchains/XcodeDefault.xctoolchain/usr/bin/objdump: error: 'Python/ceval.o': No such file or directory
2026-09-27T12:29:38.4900810Z RESULT runner=macos-14 arch=arm64 xcode=Xcode_16.2.app clang='Apple clang version 16.0.0 (clang-1600.0.26.6)' opt= -O3 configure_decision=no CFLAGS_CEVAL='' dispatch_as_built=290 dispatch_taildup_fix=build-failed whole_object_default=296 whole_object_fix=0
2026-09-27T12:29:38.5401600Z Post job cleanup.
2026-09-27T12:29:38.9241980Z [command]/opt/homebrew/bin/git version
2026-09-27T12:29:38.9438340Z git version 2.55.0
2026-09-27T12:29:38.9467270Z Copying '/Users/runner/.gitconfig' to '/Users/runner/work/_temp/f1415fe2-6b6a-4afc-9eb8-a8551c33738c/.gitconfig'
2026-09-27T12:29:38.9484620Z Temporarily overriding HOME='/Users/runner/work/_temp/f1415fe2-6b6a-4afc-9eb8-a8551c33738c' before making global git config changes
2026-09-27T12:29:38.9487420Z Adding repository directory to the temporary git global config as a safe directory
2026-09-27T12:29:38.9488510Z [command]/opt/homebrew/bin/git config --global --add safe.directory /Users/runner/work/cpython/cpython
2026-09-27T12:29:38.9569690Z [command]/opt/homebrew/bin/git config --local --name-only --get-regexp core\.sshCommand
2026-09-27T12:29:38.9645250Z [command]/opt/homebrew/bin/git submodule foreach --recursive sh -c "git config --local --name-only --get-regexp 'core\.sshCommand' && git config --local --unset-all 'core.sshCommand' || :"
2026-09-27T12:29:39.1041790Z [command]/opt/homebrew/bin/git config --local --name-only --get-regexp http\.https\:\/\/github\.com\/\.extraheader
2026-09-27T12:29:39.1076020Z http.https://github.com/.extraheader
2026-09-27T12:29:39.1081320Z [command]/opt/homebrew/bin/git config --local --unset-all http.https://github.com/.extraheader
2026-09-27T12:29:39.1122360Z [command]/opt/homebrew/bin/git submodule foreach --recursive sh -c "git config --local --name-only --get-regexp 'http\.https\:\/\/github\.com\/\.extraheader' && git config --local --unset-all 'http.https://github.com/.extraheader' || :"
2026-09-27T12:29:39.1650410Z [command]/opt/homebrew/bin/git config --local --name-only --get-regexp ^includeIf\.gitdir:
2026-09-27T12:29:39.1702240Z [command]/opt/homebrew/bin/git submodule foreach --recursive git config --local --show-origin --name-only --get-regexp remote.origin.url
2026-09-27T12:29:39.2794060Z Cleaning up orphan processes
2026-09-27T12:29:39.6318260Z ##[warning]Node.js 20 is deprecated. The following actions target Node.js 20 but are being forced to run on Node.js 24: actions/checkout@v4. For more information see: https://github.blog/changelog/2025-09-19-deprecation-of-node-20-on-github-actions-runners/
