2026-09-27T12:23:08.7448300Z Current runner version: '2.337.0'
2026-09-27T12:23:08.7463480Z ##[group]Runner Image Provisioner
2026-09-27T12:23:08.7463990Z Hosted Compute Agent
2026-09-27T12:23:08.7464360Z Version: 20260828.587
2026-09-27T12:23:08.7464760Z Commit: abac92662cab4cc7352de4f9f9d2e2419aad9c29
2026-09-27T12:23:08.7465220Z Build Date: 2026-08-28T16:44:25Z
2026-09-27T12:23:08.7465650Z Worker ID: {c56fa5c9-cd45-48c1-9f79-69f7fb6a2743}
2026-09-27T12:23:08.7466100Z Azure Region: westus
2026-09-27T12:23:08.7466460Z ##[endgroup]
2026-09-27T12:23:08.7467360Z ##[group]Operating System
2026-09-27T12:23:08.7467740Z macOS
2026-09-27T12:23:08.7468050Z 15.7.9
2026-09-27T12:23:08.7468400Z 24G830
2026-09-27T12:23:08.7468740Z ##[endgroup]
2026-09-27T12:23:08.7469100Z ##[group]Runner Image
2026-09-27T12:23:08.7469480Z Image: macos-15-arm64
2026-09-27T12:23:08.7469870Z Version: 20260907.0337.1
2026-09-27T12:23:08.7470690Z Included Software: https://github.com/actions/runner-images/blob/macos-15-arm64/20260907.0337/images/macos/macos-15-arm64-Readme.md
2026-09-27T12:23:08.7471800Z Image Release: https://github.com/actions/runner-images/releases/tag/macos-15-arm64%2F20260907.0337
2026-09-27T12:23:08.7472490Z ##[endgroup]
2026-09-27T12:23:08.7473200Z ##[group]GITHUB_TOKEN Permissions
2026-09-27T12:23:08.7474170Z Contents: read
2026-09-27T12:23:08.7474530Z Metadata: read
2026-09-27T12:23:08.7474880Z ##[endgroup]
2026-09-27T12:23:08.7476160Z Secret source: Actions
2026-09-27T12:23:08.7476710Z Cache mode: write
2026-09-27T12:23:08.7477140Z Prepare workflow directory
2026-09-27T12:23:08.7692210Z Prepare all required actions
2026-09-27T12:23:08.7728550Z Getting action download info
2026-09-27T12:23:09.1522060Z Download action repository 'actions/checkout@v4' (SHA:11d5960a326750d5838078e36cf38b85af677262)
2026-09-27T12:23:09.4533720Z Complete job name: probe (macos-15)
2026-09-27T12:23:09.4952710Z ##[group]Run actions/checkout@v4
2026-09-27T12:23:09.4953260Z with:
2026-09-27T12:23:09.4953580Z   fetch-depth: 1
2026-09-27T12:23:09.4953930Z   repository: matthiasgoergens/cpython
2026-09-27T12:23:09.4956770Z   token: ***
2026-09-27T12:23:09.4957080Z   ssh-strict: true
2026-09-27T12:23:09.4957410Z   ssh-user: git
2026-09-27T12:23:09.4957750Z   persist-credentials: true
2026-09-27T12:23:09.4958110Z   clean: true
2026-09-27T12:23:09.4958530Z   sparse-checkout-cone-mode: true
2026-09-27T12:23:09.4958910Z   fetch-tags: false
2026-09-27T12:23:09.4959240Z   show-progress: true
2026-09-27T12:23:09.4959570Z   lfs: false
2026-09-27T12:23:09.4959880Z   submodules: false
2026-09-27T12:23:09.4960220Z   set-safe-directory: true
2026-09-27T12:23:09.4960580Z   allow-unsafe-pr-checkout: false
2026-09-27T12:23:09.4961070Z ##[endgroup]
2026-09-27T12:23:09.8270330Z Syncing repository: matthiasgoergens/cpython
2026-09-27T12:23:09.8271880Z ##[group]Getting Git version info
2026-09-27T12:23:09.8272730Z Working directory is '/Users/runner/work/cpython/cpython'
2026-09-27T12:23:09.8273900Z [command]/opt/homebrew/bin/git version
2026-09-27T12:23:09.8766070Z git version 2.55.0
2026-09-27T12:23:09.8784490Z ##[endgroup]
2026-09-27T12:23:09.8795190Z Copying '/Users/runner/.gitconfig' to '/Users/runner/work/_temp/b69e4a62-f7b3-4f24-841f-7295475ea4a6/.gitconfig'
2026-09-27T12:23:09.8797140Z Temporarily overriding HOME='/Users/runner/work/_temp/b69e4a62-f7b3-4f24-841f-7295475ea4a6' before making global git config changes
2026-09-27T12:23:09.8798440Z Adding repository directory to the temporary git global config as a safe directory
2026-09-27T12:23:09.8800370Z [command]/opt/homebrew/bin/git config --global --add safe.directory /Users/runner/work/cpython/cpython
2026-09-27T12:23:09.8922590Z Deleting the contents of '/Users/runner/work/cpython/cpython'
2026-09-27T12:23:09.8923650Z ##[group]Initializing the repository
2026-09-27T12:23:09.8924200Z [command]/opt/homebrew/bin/git init /Users/runner/work/cpython/cpython
2026-09-27T12:23:09.9116880Z hint: Using 'master' as the name for the initial branch. This default branch name
2026-09-27T12:23:09.9118520Z hint: will change to "main" in Git 3.0. To configure the initial branch name
2026-09-27T12:23:09.9119610Z hint: to use in all of your new repositories, which will suppress this warning,
2026-09-27T12:23:09.9120260Z hint: call:
2026-09-27T12:23:09.9120630Z hint:
2026-09-27T12:23:09.9121090Z hint: 	git config --global init.defaultBranch <name>
2026-09-27T12:23:09.9121540Z hint:
2026-09-27T12:23:09.9122010Z hint: Names commonly chosen instead of 'master' are 'main', 'trunk' and
2026-09-27T12:23:09.9122690Z hint: 'development'. The just-created branch can be renamed via this command:
2026-09-27T12:23:09.9123300Z hint:
2026-09-27T12:23:09.9123670Z hint: 	git branch -m <name>
2026-09-27T12:23:09.9124060Z hint:
2026-09-27T12:23:09.9124610Z hint: Disable this message with "git config set advice.defaultBranchName false"
2026-09-27T12:23:09.9128190Z Initialized empty Git repository in /Users/runner/work/cpython/cpython/.git/
2026-09-27T12:23:09.9133840Z [command]/opt/homebrew/bin/git remote add origin https://github.com/matthiasgoergens/cpython
2026-09-27T12:23:09.9217010Z ##[endgroup]
2026-09-27T12:23:09.9220380Z ##[group]Disabling automatic garbage collection
2026-09-27T12:23:09.9221040Z [command]/opt/homebrew/bin/git config --local gc.auto 0
2026-09-27T12:23:09.9323000Z ##[endgroup]
2026-09-27T12:23:09.9323820Z ##[group]Setting up auth
2026-09-27T12:23:09.9324830Z [command]/opt/homebrew/bin/git config --local --name-only --get-regexp core\.sshCommand
2026-09-27T12:23:09.9348260Z [command]/opt/homebrew/bin/git submodule foreach --recursive sh -c "git config --local --name-only --get-regexp 'core\.sshCommand' && git config --local --unset-all 'core.sshCommand' || :"
2026-09-27T12:23:10.0118830Z [command]/opt/homebrew/bin/git config --local --name-only --get-regexp http\.https\:\/\/github\.com\/\.extraheader
2026-09-27T12:23:10.0175450Z [command]/opt/homebrew/bin/git submodule foreach --recursive sh -c "git config --local --name-only --get-regexp 'http\.https\:\/\/github\.com\/\.extraheader' && git config --local --unset-all 'http.https://github.com/.extraheader' || :"
2026-09-27T12:23:10.0827440Z [command]/opt/homebrew/bin/git config --local --name-only --get-regexp ^includeIf\.gitdir:
2026-09-27T12:23:10.0879520Z [command]/opt/homebrew/bin/git submodule foreach --recursive git config --local --show-origin --name-only --get-regexp remote.origin.url
2026-09-27T12:23:10.1603950Z [command]/opt/homebrew/bin/git config --local http.https://github.com/.extraheader AUTHORIZATION: basic ***
2026-09-27T12:23:10.1661520Z ##[endgroup]
2026-09-27T12:23:10.1662280Z ##[group]Fetching the repository
2026-09-27T12:23:10.1667110Z [command]/opt/homebrew/bin/git -c protocol.version=2 fetch --no-tags --prune --no-recurse-submodules --depth=1 origin +6037b0b3b7fc5da37c3aa69e7a22950531f980bb:refs/remotes/origin/perf-ci/macos-patch-probe
2026-09-27T12:23:15.6459100Z From https://github.com/matthiasgoergens/cpython
2026-09-27T12:23:15.6460590Z  * [new ref]         6037b0b3b7fc5da37c3aa69e7a22950531f980bb -> origin/perf-ci/macos-patch-probe
2026-09-27T12:23:15.6463290Z ##[endgroup]
2026-09-27T12:23:15.6464180Z ##[group]Determining the checkout info
2026-09-27T12:23:15.6465180Z ##[endgroup]
2026-09-27T12:23:15.6467450Z [command]/opt/homebrew/bin/git sparse-checkout disable
2026-09-27T12:23:15.6541540Z [command]/opt/homebrew/bin/git config --local --unset-all extensions.worktreeConfig
2026-09-27T12:23:15.6603980Z ##[group]Checking out the ref
2026-09-27T12:23:15.6606370Z [command]/opt/homebrew/bin/git checkout --progress --force -B perf-ci/macos-patch-probe refs/remotes/origin/perf-ci/macos-patch-probe
2026-09-27T12:23:16.5334780Z Switched to a new branch 'perf-ci/macos-patch-probe'
2026-09-27T12:23:16.5340750Z branch 'perf-ci/macos-patch-probe' set up to track 'origin/perf-ci/macos-patch-probe'.
2026-09-27T12:23:16.5381930Z ##[endgroup]
2026-09-27T12:23:16.5488190Z [command]/opt/homebrew/bin/git log -1 --format=%H
2026-09-27T12:23:16.5556940Z 6037b0b3b7fc5da37c3aa69e7a22950531f980bb
2026-09-27T12:23:16.5815160Z ##[group]Run set -u
2026-09-27T12:23:16.5815550Z [36;1mset -u[0m
2026-09-27T12:23:16.5815730Z [36;1march=$(uname -m)[0m
2026-09-27T12:23:16.5818510Z [36;1mecho "runner=macos-15 arch=$arch macos=$(sw_vers -productVersion)"[0m
2026-09-27T12:23:16.5818900Z [36;1mls -d /Applications/Xcode*.app[0m
2026-09-27T12:23:16.5819150Z [36;1mcount() {  # $1 = object file[0m
2026-09-27T12:23:16.5819510Z [36;1m  xcrun objdump -d --no-show-raw-insn "$1" 2>/dev/null | awk '[0m
2026-09-27T12:23:16.5820040Z [36;1m    /^[0-9a-f]+ <.*>:$/ { p = ($0 ~ /<_+PyEval_EvalFrameDefault(\.[a-z0-9.]+)?>:/) ; next }[0m
2026-09-27T12:23:16.5820540Z [36;1m    p' | grep -cE $'\t(br|jmpq?)\t[^0-9#]*(x[0-9]+|\\*)' || true[0m
2026-09-27T12:23:16.5820830Z [36;1m}[0m
2026-09-27T12:23:16.5821040Z [36;1mfor x in /Applications/Xcode*.app; do[0m
2026-09-27T12:23:16.5821310Z [36;1m  [ -L "$x" ] && continue[0m
2026-09-27T12:23:16.5821670Z [36;1m  export DEVELOPER_DIR="$x/Contents/Developer"[0m
2026-09-27T12:23:16.5822240Z [36;1m  sudo xcodebuild -license accept > /dev/null 2>&1 || true[0m
2026-09-27T12:23:16.5822730Z [36;1m  sudo DEVELOPER_DIR="$DEVELOPER_DIR" xcodebuild -runFirstLaunch > /dev/null 2>&1 || true[0m
2026-09-27T12:23:16.5823240Z [36;1m  cc_ver=$(xcrun clang --version 2>/dev/null | head -1) || continue[0m
2026-09-27T12:23:16.5823610Z [36;1m  b="$RUNNER_TEMP/b-$(basename "$x" .app)"[0m
2026-09-27T12:23:16.5823900Z [36;1m  mkdir -p "$b" && cd "$b"[0m
2026-09-27T12:23:16.5824230Z [36;1m  if ! "$GITHUB_WORKSPACE/configure" CC=clang > configure.log 2>&1; then[0m
2026-09-27T12:23:16.5824670Z [36;1m    echo "RESULT xcode=$(basename "$x") clang='$cc_ver' configure-failed"[0m
2026-09-27T12:23:16.5825310Z [36;1m    [ -n "${cfgshown:-}" ] || { grep -B2 -A12 'checking whether the C compiler works' config.log | head -40; cfgshown=1; }[0m
2026-09-27T12:23:16.5825880Z [36;1m    cd - > /dev/null; continue[0m
2026-09-27T12:23:16.5826370Z [36;1m  fi[0m
2026-09-27T12:23:16.5826770Z [36;1m  cmd=$(make -n Python/ceval.o 2>/dev/null | grep -E ' -c .*ceval\.c' | tail -1)[0m
2026-09-27T12:23:16.5827260Z [36;1m  eval "$cmd" > build.log 2>&1 && n0=$(count Python/ceval.o) || n0=build-failed[0m
2026-09-27T12:23:16.5827820Z [36;1m  t0=$(xcrun objdump -d --no-show-raw-insn Python/ceval.o | grep -cE $'\t(br|jmpq?)\t[^0-9#]*(x[0-9]+|\\*)' || true)[0m
2026-09-27T12:23:16.5828500Z [36;1m  [ -n "${shown:-}" ] || { xcrun objdump -d --no-show-raw-insn Python/ceval.o | grep -m3 -i 'EvalFrameDefault' ; shown=1; }[0m
2026-09-27T12:23:16.5829160Z [36;1m  eval "$cmd -mllvm -tail-dup-pred-size=1000" >> build.log 2>&1 && n1=$(count Python/ceval.o) || n1=build-failed[0m
2026-09-27T12:23:16.5829790Z [36;1m  t1=$(xcrun objdump -d --no-show-raw-insn Python/ceval.o | grep -cE $'\t(br|jmpq?)\t[^0-9#]*(x[0-9]+|\\*)' || true)[0m
2026-09-27T12:23:16.5830280Z [36;1m  opt=$(echo "$cmd" | grep -oE ' -O[0-3s]' | tail -1)[0m
2026-09-27T12:23:16.5830700Z [36;1m  decided=$(grep 'tail duplication of the dispatch' configure.log | sed 's/.*\.\.\. //')[0m
2026-09-27T12:23:16.5831190Z [36;1m  ceval_flags=$(grep '^CFLAGS_CEVAL' Makefile | sed 's/^CFLAGS_CEVAL= *//')[0m
2026-09-27T12:23:16.5832120Z [36;1m  echo "RESULT runner=macos-15 arch=$arch xcode=$(basename "$x") clang='$cc_ver' opt=$opt configure_decision=${decided:-n/a} CFLAGS_CEVAL='$ceval_flags' dispatch_as_built=$n0 dispatch_taildup_fix=$n1 whole_object_default=$t0 whole_object_fix=$t1"[0m
2026-09-27T12:23:16.5832910Z [36;1m  cd - > /dev/null[0m
2026-09-27T12:23:16.5833110Z [36;1mdone[0m
2026-09-27T12:23:16.5880760Z shell: /bin/bash -e {0}
2026-09-27T12:23:16.5881000Z ##[endgroup]
2026-09-27T12:23:16.6325840Z runner=macos-15 arch=arm64 macos=15.7.9
2026-09-27T12:23:16.6366950Z /Applications/Xcode_16.0.0.app
2026-09-27T12:23:16.6367310Z /Applications/Xcode_16.0.app
2026-09-27T12:23:16.6367560Z /Applications/Xcode_16.1.0.app
2026-09-27T12:23:16.6367840Z /Applications/Xcode_16.1.app
2026-09-27T12:23:16.6368090Z /Applications/Xcode_16.2.0.app
2026-09-27T12:23:16.6369020Z /Applications/Xcode_16.2.app
2026-09-27T12:23:16.6369290Z /Applications/Xcode_16.3.0.app
2026-09-27T12:23:16.6369560Z /Applications/Xcode_16.3.app
2026-09-27T12:23:16.6370070Z /Applications/Xcode_16.4.0.app
2026-09-27T12:23:16.6370300Z /Applications/Xcode_16.4.app
2026-09-27T12:23:16.6370550Z /Applications/Xcode_16.app
2026-09-27T12:23:16.6370780Z /Applications/Xcode_26.0.1.app
2026-09-27T12:23:16.6371030Z /Applications/Xcode_26.0.app
2026-09-27T12:23:16.6371280Z /Applications/Xcode_26.1.1.app
2026-09-27T12:23:16.6371660Z /Applications/Xcode_26.1.app
2026-09-27T12:23:16.6371910Z /Applications/Xcode_26.2.0.app
2026-09-27T12:23:16.6372150Z /Applications/Xcode_26.2.app
2026-09-27T12:23:16.6372390Z /Applications/Xcode_26.3.0.app
2026-09-27T12:23:16.6372700Z /Applications/Xcode_26.3.app
2026-09-27T12:23:16.6373080Z /Applications/Xcode.app
2026-09-27T12:24:16.8339540Z 0000000000002938 <__PyEval_EvalFrameDefault>:
2026-09-27T12:24:16.8340820Z     2968:      	cbz	x0, 0x2c08 <__PyEval_EvalFrameDefault+0x2d0>
2026-09-27T12:24:16.8341490Z     2980:      	b.hs	0x29ec <__PyEval_EvalFrameDefault+0xb4>
2026-09-27T12:24:16.8745700Z /Applications/Xcode_16.1.app/Contents/Developer/Toolchains/XcodeDefault.xctoolchain/usr/bin/objdump: error: 'Python/ceval.o': No such file or directory
2026-09-27T12:24:16.8917140Z RESULT runner=macos-15 arch=arm64 xcode=Xcode_16.1.app clang='Apple clang version 16.0.0 (clang-1600.0.26.4)' opt= -O3 configure_decision=no CFLAGS_CEVAL='' dispatch_as_built=290 dispatch_taildup_fix=build-failed whole_object_default=296 whole_object_fix=0
2026-09-27T12:25:13.4785630Z /Applications/Xcode_16.2.app/Contents/Developer/Toolchains/XcodeDefault.xctoolchain/usr/bin/objdump: error: 'Python/ceval.o': No such file or directory
2026-09-27T12:25:13.4963110Z RESULT runner=macos-15 arch=arm64 xcode=Xcode_16.2.app clang='Apple clang version 16.0.0 (clang-1600.0.26.6)' opt= -O3 configure_decision=no CFLAGS_CEVAL='' dispatch_as_built=290 dispatch_taildup_fix=build-failed whole_object_default=296 whole_object_fix=0
2026-09-27T12:26:22.4320330Z RESULT runner=macos-15 arch=arm64 xcode=Xcode_16.3.app clang='Apple clang version 17.0.0 (clang-1700.0.13.3)' opt= -O3 configure_decision=yes CFLAGS_CEVAL='-mllvm -tail-dup-pred-size=1000' dispatch_as_built=291 dispatch_taildup_fix=291 whole_object_default=297 whole_object_fix=297
2026-09-27T12:27:25.5241750Z RESULT runner=macos-15 arch=arm64 xcode=Xcode_16.4.app clang='Apple clang version 17.0.0 (clang-1700.0.13.5)' opt= -O3 configure_decision=yes CFLAGS_CEVAL='-mllvm -tail-dup-pred-size=1000' dispatch_as_built=291 dispatch_taildup_fix=291 whole_object_default=297 whole_object_fix=297
2026-09-27T12:28:28.0169390Z /Applications/Xcode_16.app/Contents/Developer/Toolchains/XcodeDefault.xctoolchain/usr/bin/objdump: error: 'Python/ceval.o': No such file or directory
2026-09-27T12:28:28.0478790Z RESULT runner=macos-15 arch=arm64 xcode=Xcode_16.app clang='Apple clang version 16.0.0 (clang-1600.0.26.3)' opt= -O3 configure_decision=no CFLAGS_CEVAL='' dispatch_as_built=290 dispatch_taildup_fix=build-failed whole_object_default=296 whole_object_fix=0
2026-09-27T12:29:46.8484080Z RESULT runner=macos-15 arch=arm64 xcode=Xcode_26.0.1.app clang='Apple clang version 17.0.0 (clang-1700.3.19.1)' opt= -O3 configure_decision=yes CFLAGS_CEVAL='-mllvm -tail-dup-pred-size=1000' dispatch_as_built=287 dispatch_taildup_fix=287 whole_object_default=293 whole_object_fix=293
2026-09-27T12:30:53.5518100Z RESULT runner=macos-15 arch=arm64 xcode=Xcode_26.1.1.app clang='Apple clang version 17.0.0 (clang-1700.4.4.1)' opt= -O3 configure_decision=yes CFLAGS_CEVAL='-mllvm -tail-dup-pred-size=1000' dispatch_as_built=287 dispatch_taildup_fix=287 whole_object_default=293 whole_object_fix=293
2026-09-27T12:32:04.5486070Z RESULT runner=macos-15 arch=arm64 xcode=Xcode_26.2.app clang='Apple clang version 17.0.0 (clang-1700.6.3.2)' opt= -O3 configure_decision=yes CFLAGS_CEVAL='-mllvm -tail-dup-pred-size=1000' dispatch_as_built=287 dispatch_taildup_fix=287 whole_object_default=293 whole_object_fix=293
2026-09-27T12:33:22.6839450Z RESULT runner=macos-15 arch=arm64 xcode=Xcode_26.3.app clang='Apple clang version 17.0.0 (clang-1700.6.4.2)' opt= -O3 configure_decision=yes CFLAGS_CEVAL='-mllvm -tail-dup-pred-size=1000' dispatch_as_built=287 dispatch_taildup_fix=287 whole_object_default=293 whole_object_fix=293
2026-09-27T12:33:22.7034360Z ##[group]Run export DEVELOPER_DIR=/Applications/Xcode_16.4.app/Contents/Developer
2026-09-27T12:33:22.7035230Z [36;1mexport DEVELOPER_DIR=/Applications/Xcode_16.4.app/Contents/Developer[0m
2026-09-27T12:33:22.7035680Z [36;1mmkdir -p "$RUNNER_TEMP/lto" && cd "$RUNNER_TEMP/lto"[0m
2026-09-27T12:33:22.7036280Z [36;1m"$GITHUB_WORKSPACE/configure" CC=clang --with-lto > configure.log 2>&1 || { tail -30 configure.log; exit 0; }[0m
2026-09-27T12:33:22.7036890Z [36;1mgrep -E '^(CFLAGS_CEVAL|CONFIGURE_LDFLAGS_NODIST)' Makefile[0m
2026-09-27T12:33:22.7037370Z [36;1mmake -j"$(sysctl -n hw.ncpu)" python > make.log 2>&1 || { tail -30 make.log; exit 0; }[0m
2026-09-27T12:33:22.7037880Z [36;1mn=$(xcrun objdump -d --no-show-raw-insn python | awk '[0m
2026-09-27T12:33:22.7038320Z [36;1m    /^[0-9a-f]+ <.*>:$/ { p = ($0 ~ /<_+PyEval_EvalFrameDefault(\.[a-z0-9.]+)?>:/) ; next }[0m
2026-09-27T12:33:22.7038860Z [36;1m    p' | grep -cE $'\t(br|jmpq?)\t[^0-9#]*(x[0-9]+|\\*)' || true)[0m
2026-09-27T12:33:22.7039510Z [36;1mecho "RESULT-LTO runner=macos-15 xcode=Xcode_16.4 dispatch_in_final_python=$n"[0m
2026-09-27T12:33:22.9322990Z shell: /bin/bash -e {0}
2026-09-27T12:33:22.9323410Z ##[endgroup]
2026-09-27T12:34:20.7642780Z CONFIGURE_LDFLAGS_NODIST= -flto=thin -Wl,-export_dynamic -Wl,-object_path_lto,"$@".lto -g -Wl,-mllvm,-tail-dup-pred-size=1000
2026-09-27T12:34:20.7644300Z CFLAGS_CEVAL= -mllvm -tail-dup-pred-size=1000
2026-09-27T12:34:20.9752090Z /Applications/Xcode_16.4.app/Contents/Developer/Toolchains/XcodeDefault.xctoolchain/usr/bin/objdump: error: 'python': Is a directory
2026-09-27T12:34:20.9769360Z RESULT-LTO runner=macos-15 xcode=Xcode_16.4 dispatch_in_final_python=0
2026-09-27T12:34:21.0205360Z Post job cleanup.
2026-09-27T12:34:21.4252760Z [command]/opt/homebrew/bin/git version
2026-09-27T12:34:21.4846870Z git version 2.55.0
2026-09-27T12:34:21.4930780Z Copying '/Users/runner/.gitconfig' to '/Users/runner/work/_temp/9fd02f3b-492f-42ec-a62c-4294f53e5246/.gitconfig'
2026-09-27T12:34:21.4954230Z Temporarily overriding HOME='/Users/runner/work/_temp/9fd02f3b-492f-42ec-a62c-4294f53e5246' before making global git config changes
2026-09-27T12:34:21.4955300Z Adding repository directory to the temporary git global config as a safe directory
2026-09-27T12:34:21.4964500Z [command]/opt/homebrew/bin/git config --global --add safe.directory /Users/runner/work/cpython/cpython
2026-09-27T12:34:21.5233850Z [command]/opt/homebrew/bin/git config --local --name-only --get-regexp core\.sshCommand
2026-09-27T12:34:21.5350950Z [command]/opt/homebrew/bin/git submodule foreach --recursive sh -c "git config --local --name-only --get-regexp 'core\.sshCommand' && git config --local --unset-all 'core.sshCommand' || :"
2026-09-27T12:34:21.7357770Z [command]/opt/homebrew/bin/git config --local --name-only --get-regexp http\.https\:\/\/github\.com\/\.extraheader
2026-09-27T12:34:21.7433140Z http.https://github.com/.extraheader
2026-09-27T12:34:21.7454310Z [command]/opt/homebrew/bin/git config --local --unset-all http.https://github.com/.extraheader
2026-09-27T12:34:21.7569180Z [command]/opt/homebrew/bin/git submodule foreach --recursive sh -c "git config --local --name-only --get-regexp 'http\.https\:\/\/github\.com\/\.extraheader' && git config --local --unset-all 'http.https://github.com/.extraheader' || :"
2026-09-27T12:34:21.8464530Z [command]/opt/homebrew/bin/git config --local --name-only --get-regexp ^includeIf\.gitdir:
2026-09-27T12:34:21.8539300Z [command]/opt/homebrew/bin/git submodule foreach --recursive git config --local --show-origin --name-only --get-regexp remote.origin.url
2026-09-27T12:34:21.9694630Z Cleaning up orphan processes
2026-09-27T12:34:23.9724050Z ##[warning]Node.js 20 is deprecated. The following actions target Node.js 20 but are being forced to run on Node.js 24: actions/checkout@v4. For more information see: https://github.blog/changelog/2025-09-19-deprecation-of-node-20-on-github-actions-runners/
