2026-09-27T12:23:04.1857250Z Current runner version: '2.337.0'
2026-09-27T12:23:04.1887870Z ##[group]Runner Image Provisioner
2026-09-27T12:23:04.1888930Z Hosted Compute Agent
2026-09-27T12:23:04.1889880Z Version: 20260819.586
2026-09-27T12:23:04.1890700Z Commit: 3cc4a88dfa507ef76119ad1bb3eccc6378bb2b76
2026-09-27T12:23:04.1891670Z Build Date: 2026-08-18T23:20:18Z
2026-09-27T12:23:04.1892560Z Worker ID: {6802f0b6-8b07-489a-9ae2-f756ead78644}
2026-09-27T12:23:04.1893490Z Azure Region: westus
2026-09-27T12:23:04.1894200Z ##[endgroup]
2026-09-27T12:23:04.1896290Z ##[group]Operating System
2026-09-27T12:23:04.1897070Z macOS
2026-09-27T12:23:04.1897680Z 15.7.9
2026-09-27T12:23:04.1898300Z 24G830
2026-09-27T12:23:04.1898930Z ##[endgroup]
2026-09-27T12:23:04.1899610Z ##[group]Runner Image
2026-09-27T12:23:04.1900340Z Image: macos-15
2026-09-27T12:23:04.1901030Z Version: 20260824.0482.1
2026-09-27T12:23:04.1902770Z Included Software: https://github.com/actions/runner-images/blob/macos-15/20260824.0482/images/macos/macos-15-Readme.md
2026-09-27T12:23:04.1905030Z Image Release: https://github.com/actions/runner-images/releases/tag/macos-15%2F20260824.0482
2026-09-27T12:23:04.1906430Z ##[endgroup]
2026-09-27T12:23:04.1907930Z ##[group]GITHUB_TOKEN Permissions
2026-09-27T12:23:04.1910380Z Contents: read
2026-09-27T12:23:04.1911100Z Metadata: read
2026-09-27T12:23:04.1911870Z ##[endgroup]
2026-09-27T12:23:04.1914670Z Secret source: Actions
2026-09-27T12:23:04.1915840Z Cache mode: write
2026-09-27T12:23:04.1916690Z Prepare workflow directory
2026-09-27T12:23:04.2406800Z Prepare all required actions
2026-09-27T12:23:04.2477650Z Getting action download info
2026-09-27T12:23:04.4577510Z Download action repository 'actions/checkout@v4' (SHA:11d5960a326750d5838078e36cf38b85af677262)
2026-09-27T12:23:05.1210290Z Complete job name: probe (macos-15-intel)
2026-09-27T12:23:05.2146030Z ##[group]Run actions/checkout@v4
2026-09-27T12:23:05.2147380Z with:
2026-09-27T12:23:05.2148170Z   fetch-depth: 1
2026-09-27T12:23:05.2148870Z   repository: matthiasgoergens/cpython
2026-09-27T12:23:05.2154970Z   token: ***
2026-09-27T12:23:05.2155600Z   ssh-strict: true
2026-09-27T12:23:05.2156470Z   ssh-user: git
2026-09-27T12:23:05.2157330Z   persist-credentials: true
2026-09-27T12:23:05.2158080Z   clean: true
2026-09-27T12:23:05.2158740Z   sparse-checkout-cone-mode: true
2026-09-27T12:23:05.2159530Z   fetch-tags: false
2026-09-27T12:23:05.2160200Z   show-progress: true
2026-09-27T12:23:05.2160870Z   lfs: false
2026-09-27T12:23:05.2161490Z   submodules: false
2026-09-27T12:23:05.2162160Z   set-safe-directory: true
2026-09-27T12:23:05.2162920Z   allow-unsafe-pr-checkout: false
2026-09-27T12:23:05.2164250Z ##[endgroup]
2026-09-27T12:23:05.4891350Z Syncing repository: matthiasgoergens/cpython
2026-09-27T12:23:05.4897670Z ##[group]Getting Git version info
2026-09-27T12:23:05.4899800Z Working directory is '/Users/runner/work/cpython/cpython'
2026-09-27T12:23:05.4902180Z [command]/usr/local/bin/git version
2026-09-27T12:23:05.5209870Z git version 2.55.0
2026-09-27T12:23:05.5232460Z ##[endgroup]
2026-09-27T12:23:05.5245000Z Copying '/Users/runner/.gitconfig' to '/Users/runner/work/_temp/9e7bc001-768f-4d0f-8f9a-801b9cb9be03/.gitconfig'
2026-09-27T12:23:05.5259020Z Temporarily overriding HOME='/Users/runner/work/_temp/9e7bc001-768f-4d0f-8f9a-801b9cb9be03' before making global git config changes
2026-09-27T12:23:05.5261510Z Adding repository directory to the temporary git global config as a safe directory
2026-09-27T12:23:05.5264560Z [command]/usr/local/bin/git config --global --add safe.directory /Users/runner/work/cpython/cpython
2026-09-27T12:23:05.5386600Z Deleting the contents of '/Users/runner/work/cpython/cpython'
2026-09-27T12:23:05.5392950Z ##[group]Initializing the repository
2026-09-27T12:23:05.5398910Z [command]/usr/local/bin/git init /Users/runner/work/cpython/cpython
2026-09-27T12:23:05.5706780Z hint: Using 'master' as the name for the initial branch. This default branch name
2026-09-27T12:23:05.5708880Z hint: will change to "main" in Git 3.0. To configure the initial branch name
2026-09-27T12:23:05.5711400Z hint: to use in all of your new repositories, which will suppress this warning,
2026-09-27T12:23:05.5712860Z hint: call:
2026-09-27T12:23:05.5713700Z hint:
2026-09-27T12:23:05.5714710Z hint: 	git config --global init.defaultBranch <name>
2026-09-27T12:23:05.5715910Z hint:
2026-09-27T12:23:05.5716980Z hint: Names commonly chosen instead of 'master' are 'main', 'trunk' and
2026-09-27T12:23:05.5718710Z hint: 'development'. The just-created branch can be renamed via this command:
2026-09-27T12:23:05.5720070Z hint:
2026-09-27T12:23:05.5720920Z hint: 	git branch -m <name>
2026-09-27T12:23:05.5721860Z hint:
2026-09-27T12:23:05.5722990Z hint: Disable this message with "git config set advice.defaultBranchName false"
2026-09-27T12:23:05.5724810Z Initialized empty Git repository in /Users/runner/work/cpython/cpython/.git/
2026-09-27T12:23:05.5727920Z [command]/usr/local/bin/git remote add origin https://github.com/matthiasgoergens/cpython
2026-09-27T12:23:05.5846030Z ##[endgroup]
2026-09-27T12:23:05.5847470Z ##[group]Disabling automatic garbage collection
2026-09-27T12:23:05.5850880Z [command]/usr/local/bin/git config --local gc.auto 0
2026-09-27T12:23:05.5954960Z ##[endgroup]
2026-09-27T12:23:05.5956340Z ##[group]Setting up auth
2026-09-27T12:23:05.5963680Z [command]/usr/local/bin/git config --local --name-only --get-regexp core\.sshCommand
2026-09-27T12:23:05.6061530Z [command]/usr/local/bin/git submodule foreach --recursive sh -c "git config --local --name-only --get-regexp 'core\.sshCommand' && git config --local --unset-all 'core.sshCommand' || :"
2026-09-27T12:23:05.7422740Z [command]/usr/local/bin/git config --local --name-only --get-regexp http\.https\:\/\/github\.com\/\.extraheader
2026-09-27T12:23:05.7532950Z [command]/usr/local/bin/git submodule foreach --recursive sh -c "git config --local --name-only --get-regexp 'http\.https\:\/\/github\.com\/\.extraheader' && git config --local --unset-all 'http.https://github.com/.extraheader' || :"
2026-09-27T12:23:05.9380870Z [command]/usr/local/bin/git config --local --name-only --get-regexp ^includeIf\.gitdir:
2026-09-27T12:23:05.9483200Z [command]/usr/local/bin/git submodule foreach --recursive git config --local --show-origin --name-only --get-regexp remote.origin.url
2026-09-27T12:23:06.0612870Z [command]/usr/local/bin/git config --local http.https://github.com/.extraheader AUTHORIZATION: basic ***
2026-09-27T12:23:06.0756430Z ##[endgroup]
2026-09-27T12:23:06.0758480Z ##[group]Fetching the repository
2026-09-27T12:23:06.0773380Z [command]/usr/local/bin/git -c protocol.version=2 fetch --no-tags --prune --no-recurse-submodules --depth=1 origin +6037b0b3b7fc5da37c3aa69e7a22950531f980bb:refs/remotes/origin/perf-ci/macos-patch-probe
2026-09-27T12:23:11.9183650Z From https://github.com/matthiasgoergens/cpython
2026-09-27T12:23:11.9185050Z  * [new ref]         6037b0b3b7fc5da37c3aa69e7a22950531f980bb -> origin/perf-ci/macos-patch-probe
2026-09-27T12:23:11.9190570Z ##[endgroup]
2026-09-27T12:23:11.9191590Z ##[group]Determining the checkout info
2026-09-27T12:23:11.9193110Z ##[endgroup]
2026-09-27T12:23:11.9197690Z [command]/usr/local/bin/git sparse-checkout disable
2026-09-27T12:23:11.9332330Z [command]/usr/local/bin/git config --local --unset-all extensions.worktreeConfig
2026-09-27T12:23:11.9435280Z ##[group]Checking out the ref
2026-09-27T12:23:11.9440340Z [command]/usr/local/bin/git checkout --progress --force -B perf-ci/macos-patch-probe refs/remotes/origin/perf-ci/macos-patch-probe
2026-09-27T12:23:13.0808210Z Updating files:  31% (2028/6392)
2026-09-27T12:23:13.1856480Z Updating files:  32% (2046/6392)
2026-09-27T12:23:13.2197190Z Updating files:  33% (2110/6392)
2026-09-27T12:23:13.2393190Z Updating files:  34% (2174/6392)
2026-09-27T12:23:13.3250780Z Updating files:  35% (2238/6392)
2026-09-27T12:23:13.3544320Z Updating files:  36% (2302/6392)
2026-09-27T12:23:13.3792080Z Updating files:  37% (2366/6392)
2026-09-27T12:23:13.4600450Z Updating files:  38% (2429/6392)
2026-09-27T12:23:13.4676990Z Updating files:  39% (2493/6392)
2026-09-27T12:23:13.4748830Z Updating files:  40% (2557/6392)
2026-09-27T12:23:13.4812050Z Updating files:  41% (2621/6392)
2026-09-27T12:23:13.4860010Z Updating files:  42% (2685/6392)
2026-09-27T12:23:13.5423400Z Updating files:  43% (2749/6392)
2026-09-27T12:23:13.6247870Z Updating files:  44% (2813/6392)
2026-09-27T12:23:13.6512040Z Updating files:  45% (2877/6392)
2026-09-27T12:23:13.6558430Z Updating files:  46% (2941/6392)
2026-09-27T12:23:13.7259140Z Updating files:  47% (3005/6392)
2026-09-27T12:23:13.7763010Z Updating files:  48% (3069/6392)
2026-09-27T12:23:13.7880610Z Updating files:  49% (3133/6392)
2026-09-27T12:23:13.7898400Z Updating files:  50% (3196/6392)
2026-09-27T12:23:13.7904110Z Updating files:  51% (3260/6392)
2026-09-27T12:23:13.8379880Z Updating files:  52% (3324/6392)
2026-09-27T12:23:13.8396010Z Updating files:  53% (3388/6392)
2026-09-27T12:23:13.8542740Z Updating files:  54% (3452/6392)
2026-09-27T12:23:13.8629170Z Updating files:  55% (3516/6392)
2026-09-27T12:23:13.9143980Z Updating files:  56% (3580/6392)
2026-09-27T12:23:13.9623440Z Updating files:  57% (3644/6392)
2026-09-27T12:23:13.9963100Z Updating files:  58% (3708/6392)
2026-09-27T12:23:13.9976430Z Updating files:  58% (3761/6392)
2026-09-27T12:23:14.1087230Z Updating files:  59% (3772/6392)
2026-09-27T12:23:14.1134440Z Updating files:  60% (3836/6392)
2026-09-27T12:23:14.1464300Z Updating files:  61% (3900/6392)
2026-09-27T12:23:14.1782860Z Updating files:  62% (3964/6392)
2026-09-27T12:23:14.2180600Z Updating files:  63% (4027/6392)
2026-09-27T12:23:14.2186110Z Updating files:  64% (4091/6392)
2026-09-27T12:23:14.2224340Z Updating files:  65% (4155/6392)
2026-09-27T12:23:14.2403200Z Updating files:  66% (4219/6392)
2026-09-27T12:23:14.2569360Z Updating files:  67% (4283/6392)
2026-09-27T12:23:14.3415410Z Updating files:  68% (4347/6392)
2026-09-27T12:23:14.3590220Z Updating files:  69% (4411/6392)
2026-09-27T12:23:14.3760450Z Updating files:  70% (4475/6392)
2026-09-27T12:23:14.3933570Z Updating files:  71% (4539/6392)
2026-09-27T12:23:14.4109990Z Updating files:  72% (4603/6392)
2026-09-27T12:23:14.4292150Z Updating files:  73% (4667/6392)
2026-09-27T12:23:14.4472710Z Updating files:  74% (4731/6392)
2026-09-27T12:23:14.4812820Z Updating files:  75% (4794/6392)
2026-09-27T12:23:14.5084450Z Updating files:  76% (4858/6392)
2026-09-27T12:23:14.5282890Z Updating files:  77% (4922/6392)
2026-09-27T12:23:14.5506880Z Updating files:  78% (4986/6392)
2026-09-27T12:23:14.5721890Z Updating files:  79% (5050/6392)
2026-09-27T12:23:14.5941320Z Updating files:  80% (5114/6392)
2026-09-27T12:23:14.6111790Z Updating files:  81% (5178/6392)
2026-09-27T12:23:14.6398450Z Updating files:  82% (5242/6392)
2026-09-27T12:23:14.6622300Z Updating files:  83% (5306/6392)
2026-09-27T12:23:14.6902660Z Updating files:  84% (5370/6392)
2026-09-27T12:23:14.7217960Z Updating files:  85% (5434/6392)
2026-09-27T12:23:14.8145790Z Updating files:  86% (5498/6392)
2026-09-27T12:23:14.8394920Z Updating files:  87% (5562/6392)
2026-09-27T12:23:14.8622890Z Updating files:  88% (5625/6392)
2026-09-27T12:23:14.8820480Z Updating files:  89% (5689/6392)
2026-09-27T12:23:14.9124320Z Updating files:  90% (5753/6392)
2026-09-27T12:23:14.9489790Z Updating files:  91% (5817/6392)
2026-09-27T12:23:14.9627570Z Updating files:  92% (5881/6392)
2026-09-27T12:23:14.9659410Z Updating files:  92% (5935/6392)
2026-09-27T12:23:14.9966290Z Updating files:  93% (5945/6392)
2026-09-27T12:23:15.0184530Z Updating files:  94% (6009/6392)
2026-09-27T12:23:15.0381130Z Updating files:  95% (6073/6392)
2026-09-27T12:23:15.0568550Z Updating files:  96% (6137/6392)
2026-09-27T12:23:15.0800390Z Updating files:  97% (6201/6392)
2026-09-27T12:23:15.0995680Z Updating files:  98% (6265/6392)
2026-09-27T12:23:15.1283070Z Updating files:  99% (6329/6392)
2026-09-27T12:23:15.1290950Z Updating files: 100% (6392/6392)
2026-09-27T12:23:15.1294030Z Updating files: 100% (6392/6392), done.
2026-09-27T12:23:15.1445870Z Switched to a new branch 'perf-ci/macos-patch-probe'
2026-09-27T12:23:15.1458350Z branch 'perf-ci/macos-patch-probe' set up to track 'origin/perf-ci/macos-patch-probe'.
2026-09-27T12:23:15.1618590Z ##[endgroup]
2026-09-27T12:23:15.2171530Z [command]/usr/local/bin/git log -1 --format=%H
2026-09-27T12:23:15.2307360Z 6037b0b3b7fc5da37c3aa69e7a22950531f980bb
2026-09-27T12:23:15.2658140Z ##[group]Run set -u
2026-09-27T12:23:15.2658780Z [36;1mset -u[0m
2026-09-27T12:23:15.2659190Z [36;1march=$(uname -m)[0m
2026-09-27T12:23:15.2660250Z [36;1mecho "runner=macos-15-intel arch=$arch macos=$(sw_vers -productVersion)"[0m
2026-09-27T12:23:15.2661380Z [36;1mls -d /Applications/Xcode*.app[0m
2026-09-27T12:23:15.2662010Z [36;1mcount() {  # $1 = object file[0m
2026-09-27T12:23:15.2662820Z [36;1m  xcrun objdump -d --no-show-raw-insn "$1" 2>/dev/null | awk '[0m
2026-09-27T12:23:15.2663950Z [36;1m    /^[0-9a-f]+ <.*>:$/ { p = ($0 ~ /<_+PyEval_EvalFrameDefault(\.[a-z0-9.]+)?>:/) ; next }[0m
2026-09-27T12:23:15.2664950Z [36;1m    p' | grep -cE $'\t(br|jmpq?)\t[^0-9#]*(x[0-9]+|\\*)' || true[0m
2026-09-27T12:23:15.2666060Z [36;1m}[0m
2026-09-27T12:23:15.2666550Z [36;1mfor x in /Applications/Xcode*.app; do[0m
2026-09-27T12:23:15.2667170Z [36;1m  [ -L "$x" ] && continue[0m
2026-09-27T12:23:15.2667790Z [36;1m  export DEVELOPER_DIR="$x/Contents/Developer"[0m
2026-09-27T12:23:15.2668680Z [36;1m  sudo xcodebuild -license accept > /dev/null 2>&1 || true[0m
2026-09-27T12:23:15.2669830Z [36;1m  sudo DEVELOPER_DIR="$DEVELOPER_DIR" xcodebuild -runFirstLaunch > /dev/null 2>&1 || true[0m
2026-09-27T12:23:15.2671040Z [36;1m  cc_ver=$(xcrun clang --version 2>/dev/null | head -1) || continue[0m
2026-09-27T12:23:15.2671890Z [36;1m  b="$RUNNER_TEMP/b-$(basename "$x" .app)"[0m
2026-09-27T12:23:15.2672520Z [36;1m  mkdir -p "$b" && cd "$b"[0m
2026-09-27T12:23:15.2673300Z [36;1m  if ! "$GITHUB_WORKSPACE/configure" CC=clang > configure.log 2>&1; then[0m
2026-09-27T12:23:15.2674460Z [36;1m    echo "RESULT xcode=$(basename "$x") clang='$cc_ver' configure-failed"[0m
2026-09-27T12:23:15.2675890Z [36;1m    [ -n "${cfgshown:-}" ] || { grep -B2 -A12 'checking whether the C compiler works' config.log | head -40; cfgshown=1; }[0m
2026-09-27T12:23:15.2677430Z [36;1m    cd - > /dev/null; continue[0m
2026-09-27T12:23:15.2677970Z [36;1m  fi[0m
2026-09-27T12:23:15.2678700Z [36;1m  cmd=$(make -n Python/ceval.o 2>/dev/null | grep -E ' -c .*ceval\.c' | tail -1)[0m
2026-09-27T12:23:15.2679830Z [36;1m  eval "$cmd" > build.log 2>&1 && n0=$(count Python/ceval.o) || n0=build-failed[0m
2026-09-27T12:23:15.2681230Z [36;1m  t0=$(xcrun objdump -d --no-show-raw-insn Python/ceval.o | grep -cE $'\t(br|jmpq?)\t[^0-9#]*(x[0-9]+|\\*)' || true)[0m
2026-09-27T12:23:15.2683060Z [36;1m  [ -n "${shown:-}" ] || { xcrun objdump -d --no-show-raw-insn Python/ceval.o | grep -m3 -i 'EvalFrameDefault' ; shown=1; }[0m
2026-09-27T12:23:15.2684830Z [36;1m  eval "$cmd -mllvm -tail-dup-pred-size=1000" >> build.log 2>&1 && n1=$(count Python/ceval.o) || n1=build-failed[0m
2026-09-27T12:23:15.2686610Z [36;1m  t1=$(xcrun objdump -d --no-show-raw-insn Python/ceval.o | grep -cE $'\t(br|jmpq?)\t[^0-9#]*(x[0-9]+|\\*)' || true)[0m
2026-09-27T12:23:15.2687890Z [36;1m  opt=$(echo "$cmd" | grep -oE ' -O[0-3s]' | tail -1)[0m
2026-09-27T12:23:15.2688970Z [36;1m  decided=$(grep 'tail duplication of the dispatch' configure.log | sed 's/.*\.\.\. //')[0m
2026-09-27T12:23:15.2690210Z [36;1m  ceval_flags=$(grep '^CFLAGS_CEVAL' Makefile | sed 's/^CFLAGS_CEVAL= *//')[0m
2026-09-27T12:23:15.2694100Z [36;1m  echo "RESULT runner=macos-15-intel arch=$arch xcode=$(basename "$x") clang='$cc_ver' opt=$opt configure_decision=${decided:-n/a} CFLAGS_CEVAL='$ceval_flags' dispatch_as_built=$n0 dispatch_taildup_fix=$n1 whole_object_default=$t0 whole_object_fix=$t1"[0m
2026-09-27T12:23:15.2697310Z [36;1m  cd - > /dev/null[0m
2026-09-27T12:23:15.2697960Z [36;1mdone[0m
2026-09-27T12:23:15.2787710Z shell: /bin/bash -e {0}
2026-09-27T12:23:15.2788160Z ##[endgroup]
2026-09-27T12:23:15.3209040Z runner=macos-15-intel arch=x86_64 macos=15.7.9
2026-09-27T12:23:15.3250380Z /Applications/Xcode_16.0.0.app
2026-09-27T12:23:15.3252020Z /Applications/Xcode_16.0.app
2026-09-27T12:23:15.3252540Z /Applications/Xcode_16.1.0.app
2026-09-27T12:23:15.3253120Z /Applications/Xcode_16.1.app
2026-09-27T12:23:15.3253620Z /Applications/Xcode_16.2.0.app
2026-09-27T12:23:15.3254710Z /Applications/Xcode_16.2.app
2026-09-27T12:23:15.3255260Z /Applications/Xcode_16.3.0.app
2026-09-27T12:23:15.3255760Z /Applications/Xcode_16.3.app
2026-09-27T12:23:15.3256260Z /Applications/Xcode_16.4.0.app
2026-09-27T12:23:15.3256770Z /Applications/Xcode_16.4.app
2026-09-27T12:23:15.3257270Z /Applications/Xcode_16.app
2026-09-27T12:23:15.3257780Z /Applications/Xcode_26.0.1.app
2026-09-27T12:23:15.3258280Z /Applications/Xcode_26.0.app
2026-09-27T12:23:15.3258780Z /Applications/Xcode_26.1.1.app
2026-09-27T12:23:15.3259310Z /Applications/Xcode_26.1.app
2026-09-27T12:23:15.3259810Z /Applications/Xcode_26.2.0.app
2026-09-27T12:23:15.3260310Z /Applications/Xcode_26.2.app
2026-09-27T12:23:15.3260810Z /Applications/Xcode_26.3.0.app
2026-09-27T12:23:15.3261340Z /Applications/Xcode_26.3.app
2026-09-27T12:23:15.3261840Z /Applications/Xcode.app
2026-09-27T12:25:39.9956600Z 0000000000002ae0 <__PyEval_EvalFrameDefault>:
2026-09-27T12:25:40.0353190Z     2af4:      	movq	(%rip), %rax            ## 0x2afb <__PyEval_EvalFrameDefault+0x1b>
2026-09-27T12:25:40.0354380Z     2b0c:      	je	0x2df9 <__PyEval_EvalFrameDefault+0x319>
2026-09-27T12:25:40.0818120Z /Applications/Xcode_16.1.app/Contents/Developer/Toolchains/XcodeDefault.xctoolchain/usr/bin/objdump: error: 'Python/ceval.o': No such file or directory
2026-09-27T12:25:40.1184430Z RESULT runner=macos-15-intel arch=x86_64 xcode=Xcode_16.1.app clang='Apple clang version 16.0.0 (clang-1600.0.26.4)' opt= -O3 configure_decision=no CFLAGS_CEVAL='' dispatch_as_built=269 dispatch_taildup_fix=build-failed whole_object_default=275 whole_object_fix=0
2026-09-27T12:27:49.9863880Z /Applications/Xcode_16.2.app/Contents/Developer/Toolchains/XcodeDefault.xctoolchain/usr/bin/objdump: error: 'Python/ceval.o': No such file or directory
2026-09-27T12:27:50.0122370Z RESULT runner=macos-15-intel arch=x86_64 xcode=Xcode_16.2.app clang='Apple clang version 16.0.0 (clang-1600.0.26.6)' opt= -O3 configure_decision=no CFLAGS_CEVAL='' dispatch_as_built=269 dispatch_taildup_fix=build-failed whole_object_default=275 whole_object_fix=0
2026-09-27T12:29:39.9177350Z RESULT runner=macos-15-intel arch=x86_64 xcode=Xcode_16.3.app clang='Apple clang version 17.0.0 (clang-1700.0.13.3)' opt= -O3 configure_decision=yes CFLAGS_CEVAL='-mllvm -tail-dup-pred-size=1000' dispatch_as_built=269 dispatch_taildup_fix=269 whole_object_default=275 whole_object_fix=275
2026-09-27T12:31:26.3211170Z RESULT runner=macos-15-intel arch=x86_64 xcode=Xcode_16.4.app clang='Apple clang version 17.0.0 (clang-1700.0.13.5)' opt= -O3 configure_decision=yes CFLAGS_CEVAL='-mllvm -tail-dup-pred-size=1000' dispatch_as_built=269 dispatch_taildup_fix=269 whole_object_default=275 whole_object_fix=275
2026-09-27T12:33:30.2911910Z /Applications/Xcode_16.app/Contents/Developer/Toolchains/XcodeDefault.xctoolchain/usr/bin/objdump: error: 'Python/ceval.o': No such file or directory
2026-09-27T12:33:30.3147520Z RESULT runner=macos-15-intel arch=x86_64 xcode=Xcode_16.app clang='Apple clang version 16.0.0 (clang-1600.0.26.3)' opt= -O3 configure_decision=no CFLAGS_CEVAL='' dispatch_as_built=269 dispatch_taildup_fix=build-failed whole_object_default=275 whole_object_fix=0
2026-09-27T12:35:19.1851910Z RESULT runner=macos-15-intel arch=x86_64 xcode=Xcode_26.0.1.app clang='Apple clang version 17.0.0 (clang-1700.3.19.1)' opt= -O3 configure_decision=yes CFLAGS_CEVAL='-mllvm -tail-dup-pred-size=1000' dispatch_as_built=269 dispatch_taildup_fix=269 whole_object_default=275 whole_object_fix=275
2026-09-27T12:37:11.1176210Z RESULT runner=macos-15-intel arch=x86_64 xcode=Xcode_26.1.1.app clang='Apple clang version 17.0.0 (clang-1700.4.4.1)' opt= -O3 configure_decision=yes CFLAGS_CEVAL='-mllvm -tail-dup-pred-size=1000' dispatch_as_built=269 dispatch_taildup_fix=269 whole_object_default=275 whole_object_fix=275
2026-09-27T12:39:03.6354810Z RESULT runner=macos-15-intel arch=x86_64 xcode=Xcode_26.2.app clang='Apple clang version 17.0.0 (clang-1700.6.3.2)' opt= -O3 configure_decision=yes CFLAGS_CEVAL='-mllvm -tail-dup-pred-size=1000' dispatch_as_built=269 dispatch_taildup_fix=269 whole_object_default=275 whole_object_fix=275
2026-09-27T12:41:18.3455270Z RESULT runner=macos-15-intel arch=x86_64 xcode=Xcode_26.3.app clang='Apple clang version 17.0.0 (clang-1700.6.4.2)' opt= -O3 configure_decision=yes CFLAGS_CEVAL='-mllvm -tail-dup-pred-size=1000' dispatch_as_built=269 dispatch_taildup_fix=269 whole_object_default=275 whole_object_fix=275
2026-09-27T12:41:18.3783240Z ##[group]Run export DEVELOPER_DIR=/Applications/Xcode_16.4.app/Contents/Developer
2026-09-27T12:41:18.3785790Z [36;1mexport DEVELOPER_DIR=/Applications/Xcode_16.4.app/Contents/Developer[0m
2026-09-27T12:41:18.3787530Z [36;1mmkdir -p "$RUNNER_TEMP/lto" && cd "$RUNNER_TEMP/lto"[0m
2026-09-27T12:41:18.3789500Z [36;1m"$GITHUB_WORKSPACE/configure" CC=clang --with-lto > configure.log 2>&1 || { tail -30 configure.log; exit 0; }[0m
2026-09-27T12:41:18.3791790Z [36;1mgrep -E '^(CFLAGS_CEVAL|CONFIGURE_LDFLAGS_NODIST)' Makefile[0m
2026-09-27T12:41:18.3793830Z [36;1mmake -j"$(sysctl -n hw.ncpu)" python > make.log 2>&1 || { tail -30 make.log; exit 0; }[0m
2026-09-27T12:41:18.3795920Z [36;1mn=$(xcrun objdump -d --no-show-raw-insn python | awk '[0m
2026-09-27T12:41:18.3797710Z [36;1m    /^[0-9a-f]+ <.*>:$/ { p = ($0 ~ /<_+PyEval_EvalFrameDefault(\.[a-z0-9.]+)?>:/) ; next }[0m
2026-09-27T12:41:18.3799100Z [36;1m    p' | grep -cE $'\t(br|jmpq?)\t[^0-9#]*(x[0-9]+|\\*)' || true)[0m
2026-09-27T12:41:18.3801230Z [36;1mecho "RESULT-LTO runner=macos-15-intel xcode=Xcode_16.4 dispatch_in_final_python=$n"[0m
2026-09-27T12:41:18.4429510Z shell: /bin/bash -e {0}
2026-09-27T12:41:18.4430710Z ##[endgroup]
2026-09-27T12:43:25.9396650Z CONFIGURE_LDFLAGS_NODIST= -flto=thin -Wl,-export_dynamic -Wl,-object_path_lto,"$@".lto -g -Wl,-mllvm,-tail-dup-pred-size=1000
2026-09-27T12:43:25.9400360Z CFLAGS_CEVAL= -mllvm -tail-dup-pred-size=1000
2026-09-27T12:43:26.2882070Z /Applications/Xcode_16.4.app/Contents/Developer/Toolchains/XcodeDefault.xctoolchain/usr/bin/objdump: error: 'python': Is a directory
2026-09-27T12:43:26.2901910Z RESULT-LTO runner=macos-15-intel xcode=Xcode_16.4 dispatch_in_final_python=0
2026-09-27T12:43:26.3419860Z Post job cleanup.
2026-09-27T12:43:26.7998900Z [command]/usr/local/bin/git version
2026-09-27T12:43:26.8206520Z git version 2.55.0
2026-09-27T12:43:26.8277060Z Copying '/Users/runner/.gitconfig' to '/Users/runner/work/_temp/c098d79f-4216-4762-9093-068b7fb0dff9/.gitconfig'
2026-09-27T12:43:26.8331750Z Temporarily overriding HOME='/Users/runner/work/_temp/c098d79f-4216-4762-9093-068b7fb0dff9' before making global git config changes
2026-09-27T12:43:26.8335690Z Adding repository directory to the temporary git global config as a safe directory
2026-09-27T12:43:26.8345940Z [command]/usr/local/bin/git config --global --add safe.directory /Users/runner/work/cpython/cpython
2026-09-27T12:43:26.9861350Z [command]/usr/local/bin/git config --local --name-only --get-regexp core\.sshCommand
2026-09-27T12:43:27.1153640Z [command]/usr/local/bin/git submodule foreach --recursive sh -c "git config --local --name-only --get-regexp 'core\.sshCommand' && git config --local --unset-all 'core.sshCommand' || :"
2026-09-27T12:43:27.2015590Z [command]/usr/local/bin/git config --local --name-only --get-regexp http\.https\:\/\/github\.com\/\.extraheader
2026-09-27T12:43:27.2167910Z http.https://github.com/.extraheader
2026-09-27T12:43:27.2190960Z [command]/usr/local/bin/git config --local --unset-all http.https://github.com/.extraheader
2026-09-27T12:43:27.2380110Z [command]/usr/local/bin/git submodule foreach --recursive sh -c "git config --local --name-only --get-regexp 'http\.https\:\/\/github\.com\/\.extraheader' && git config --local --unset-all 'http.https://github.com/.extraheader' || :"
2026-09-27T12:43:27.4463390Z [command]/usr/local/bin/git config --local --name-only --get-regexp ^includeIf\.gitdir:
2026-09-27T12:43:27.4608560Z [command]/usr/local/bin/git submodule foreach --recursive git config --local --show-origin --name-only --get-regexp remote.origin.url
2026-09-27T12:43:27.7089410Z Cleaning up orphan processes
2026-09-27T12:43:28.5630130Z ##[warning]Node.js 20 is deprecated. The following actions target Node.js 20 but are being forced to run on Node.js 24: actions/checkout@v4. For more information see: https://github.blog/changelog/2025-09-19-deprecation-of-node-20-on-github-actions-runners/
