Get:1 https://apt.llvm.org/noble llvm-toolchain-noble-21 InRelease [5557 B]
Get:2 https://apt.llvm.org/noble llvm-toolchain-noble-21/main amd64 Packages [13.4 kB]
Fetched 19.0 kB in 0s (48.4 kB/s)
Reading package lists...
Reading package lists...
Building dependency tree...
Reading state information...
The following additional packages will be installed:
  clang-tools-21 icu-devtools lib32gcc-s1 lib32stdc++6 libbolt-21-dev
  libc6-i386 libclang-common-21-dev libclang-cpp21 libclang1-21 libicu-dev
  libllvm21 libxml2-dev llvm-21 llvm-21-linker-tools llvm-21-runtime
  llvm-21-tools python3-pygments
Suggested packages:
  clang-21-doc wasi-libc icu-doc llvm-21-doc python-pygments-doc
  ttf-bitstream-vera
The following NEW packages will be installed:
  bolt-21 clang-21 clang-tools-21 icu-devtools lib32gcc-s1 lib32stdc++6
  libbolt-21-dev libc6-i386 libclang-common-21-dev libclang-cpp21
  libclang-rt-21-dev libclang1-21 libicu-dev libllvm21 libxml2-dev lld-21
  llvm-21 llvm-21-dev llvm-21-linker-tools llvm-21-runtime llvm-21-tools
  python3-pygments
0 upgraded, 22 newly installed, 0 to remove and 1 not upgraded.
Need to get 205 MB of archives.
After this operation, 1094 MB of additional disk space will be used.
Get:1 http://archive.ubuntu.com/ubuntu noble/main amd64 python3-pygments all 2.17.2+dfsg-1 [819 kB]
Get:2 http://archive.ubuntu.com/ubuntu noble-updates/main amd64 icu-devtools amd64 74.2-1ubuntu3.1 [212 kB]
Get:3 https://apt.llvm.org/noble llvm-toolchain-noble-21/main amd64 libbolt-21-dev amd64 1:21.1.8~++20251221032922+2078da43e25a-1~exp1~20251221153059.70 [65.9 kB]
Ign:4 http://archive.ubuntu.com/ubuntu noble-updates/main amd64 libc6-i386 amd64 2.39-0ubuntu8.7
Err:4 http://security.ubuntu.com/ubuntu noble-updates/main amd64 libc6-i386 amd64 2.39-0ubuntu8.7
  404  Not Found [IP: 91.189.91.83 80]
Get:5 http://archive.ubuntu.com/ubuntu noble-updates/main amd64 lib32gcc-s1 amd64 14.2.0-4ubuntu2~24.04.1 [92.3 kB]
Get:6 http://archive.ubuntu.com/ubuntu noble-updates/main amd64 lib32stdc++6 amd64 14.2.0-4ubuntu2~24.04.1 [814 kB]
Get:7 http://archive.ubuntu.com/ubuntu noble-updates/main amd64 libicu-dev amd64 74.2-1ubuntu3.1 [11.9 MB]
Get:8 https://apt.llvm.org/noble llvm-toolchain-noble-21/main amd64 bolt-21 amd64 1:21.1.8~++20251221032922+2078da43e25a-1~exp1~20251221153059.70 [39.3 MB]
Ign:9 http://archive.ubuntu.com/ubuntu noble-updates/main amd64 libxml2-dev amd64 2.9.14+dfsg-1.3ubuntu3.7
Err:9 http://security.ubuntu.com/ubuntu noble-updates/main amd64 libxml2-dev amd64 2.9.14+dfsg-1.3ubuntu3.7
  404  Not Found [IP: 91.189.91.83 80]
Get:10 https://apt.llvm.org/noble llvm-toolchain-noble-21/main amd64 libllvm21 amd64 1:21.1.8~++20251221032922+2078da43e25a-1~exp1~20251221153059.70 [30.9 MB]
Get:11 https://apt.llvm.org/noble llvm-toolchain-noble-21/main amd64 libclang-cpp21 amd64 1:21.1.8~++20251221032922+2078da43e25a-1~exp1~20251221153059.70 [13.9 MB]
Get:12 https://apt.llvm.org/noble llvm-toolchain-noble-21/main amd64 libclang-common-21-dev amd64 1:21.1.8~++20251221032922+2078da43e25a-1~exp1~20251221153059.70 [800 kB]
Get:13 https://apt.llvm.org/noble llvm-toolchain-noble-21/main amd64 llvm-21-linker-tools amd64 1:21.1.8~++20251221032922+2078da43e25a-1~exp1~20251221153059.70 [1384 kB]
Get:14 https://apt.llvm.org/noble llvm-toolchain-noble-21/main amd64 libclang1-21 amd64 1:21.1.8~++20251221032922+2078da43e25a-1~exp1~20251221153059.70 [8256 kB]
Get:15 https://apt.llvm.org/noble llvm-toolchain-noble-21/main amd64 clang-21 amd64 1:21.1.8~++20251221032922+2078da43e25a-1~exp1~20251221153059.70 [176 kB]
Get:16 https://apt.llvm.org/noble llvm-toolchain-noble-21/main amd64 clang-tools-21 amd64 1:21.1.8~++20251221032922+2078da43e25a-1~exp1~20251221153059.70 [9605 kB]
Get:17 https://apt.llvm.org/noble llvm-toolchain-noble-21/main amd64 libclang-rt-21-dev amd64 1:21.1.8~++20251221032922+2078da43e25a-1~exp1~20251221153059.70 [4285 kB]
Get:18 https://apt.llvm.org/noble llvm-toolchain-noble-21/main amd64 lld-21 amd64 1:21.1.8~++20251221032922+2078da43e25a-1~exp1~20251221153059.70 [1577 kB]
Get:19 https://apt.llvm.org/noble llvm-toolchain-noble-21/main amd64 llvm-21-runtime amd64 1:21.1.8~++20251221032922+2078da43e25a-1~exp1~20251221153059.70 [612 kB]
Get:20 https://apt.llvm.org/noble llvm-toolchain-noble-21/main amd64 llvm-21 amd64 1:21.1.8~++20251221032922+2078da43e25a-1~exp1~20251221153059.70 [20.1 MB]
Get:21 https://apt.llvm.org/noble llvm-toolchain-noble-21/main amd64 llvm-21-tools amd64 1:21.1.8~++20251221032922+2078da43e25a-1~exp1~20251221153059.70 [593 kB]
Get:22 https://apt.llvm.org/noble llvm-toolchain-noble-21/main amd64 llvm-21-dev amd64 1:21.1.8~++20251221032922+2078da43e25a-1~exp1~20251221153059.70 [55.9 MB]
Fetched 201 MB in 4s (53.4 MB/s)
E: Failed to fetch http://security.ubuntu.com/ubuntu/pool/main/g/glibc/libc6-i386_2.39-0ubuntu8.7_amd64.deb  404  Not Found [IP: 91.189.91.83 80]
E: Failed to fetch http://security.ubuntu.com/ubuntu/pool/main/libx/libxml2/libxml2-dev_2.9.14%2bdfsg-1.3ubuntu3.7_amd64.deb  404  Not Found [IP: 91.189.91.83 80]
E: Unable to fetch some archives, maybe run apt-get update or try with --fix-missing?
